// Jest Snapshot v1, https://goo.gl/fbAQLP

exports[`ArticleList renders correctly 1`] = `
<div>
  <div
    style={
      {
        "borderBottomColor": "#aaa",
        "borderBottomStyle": "solid",
        "marginBottom": 1,
        "paddingBottom": 10,
      }
    }
  >
    <div
      style={
        {
          "fontWeight": "bold",
        }
      }
    />
    <div
      style={
        {
          "color": "#888",
          "fontSize": "10px",
        }
      }
    >
      Invalid Date
    </div>
    <div
      style={
        {
          "paddingBottom": 10,
          "paddingTop": 10,
        }
      }
    >
      <a />
    </div>
    <div
      style={
        {
          "paddingLeft": 20,
        }
      }
    />
  </div>
  <div
    style={
      {
        "borderBottomColor": "#aaa",
        "borderBottomStyle": "solid",
        "marginBottom": 1,
        "paddingBottom": 10,
      }
    }
  >
    <div
      style={
        {
          "fontWeight": "bold",
        }
      }
    />
    <div
      style={
        {
          "color": "#888",
          "fontSize": "10px",
        }
      }
    >
      Invalid Date
    </div>
    <div
      style={
        {
          "paddingBottom": 10,
          "paddingTop": 10,
        }
      }
    >
      <a />
    </div>
    <div
      style={
        {
          "paddingLeft": 20,
        }
      }
    />
  </div>
</div>
`;
